0 verbose cli /usr/local/bin/node /usr/local/bin/npm
1 info using npm@10.2.4
2 info using node@v20.11.1
3 timing npm:load:whichnode Completed in 1ms
4 timing config:load:defaults Completed in 1ms
5 timing config:load:file:/usr/local/lib/node_modules/npm/npmrc Completed in 0ms
6 timing config:load:builtin Completed in 0ms
7 timing config:load:cli Completed in 1ms
8 timing config:load:env Completed in 0ms
9 timing config:load:file:/Users/user/Desktop/nutch-ai/.npmrc Completed in 0ms
10 timing config:load:project Completed in 0ms
11 timing config:load:file:/Users/user/.npmrc Completed in 0ms
12 timing config:load:user Completed in 0ms
13 timing config:load:file:/usr/local/etc/npmrc Completed in 0ms
14 timing config:load:global Completed in 0ms
15 timing config:load:setEnvs Completed in 1ms
16 timing config:load Completed in 4ms
17 timing npm:load:configload Completed in 4ms
18 timing config:load:flatten Completed in 1ms
19 timing npm:load:mkdirpcache Completed in 0ms
20 timing npm:load:mkdirplogs Completed in 0ms
21 verbose title npm install @types/ms
22 verbose argv "install" "--save-dev" "@types/ms" "--cache" "./tmp-npm-cache"
23 timing npm:load:setTitle Completed in 1ms
24 timing npm:load:display Completed in 0ms
25 verbose logfile logs-max:10 dir:/Users/user/Desktop/nutch-ai/tmp-npm-cache/_logs/2025-11-20T13_19_52_931Z-
26 verbose logfile /Users/user/Desktop/nutch-ai/tmp-npm-cache/_logs/2025-11-20T13_19_52_931Z-debug-0.log
27 timing npm:load:logFile Completed in 5ms
28 timing npm:load:timers Completed in 0ms
29 timing npm:load:configScope Completed in 0ms
30 timing npm:load Completed in 19ms
31 timing arborist:ctor Completed in 0ms
32 silly logfile done cleaning log files
33 timing idealTree:init Completed in 263ms
34 timing idealTree:userRequests Completed in 1ms
35 silly idealTree buildDeps
36 silly fetch manifest @types/ms@*
37 timing arborist:ctor Completed in 0ms
38 silly placeDep ROOT @types/ms@ REPLACE for: nutch-ai@0.0.1 want: *
39 timing idealTree:#root Completed in 70104ms
40 timing idealTree:node_modules/@types/ms Completed in 0ms
41 timing idealTree:buildDeps Completed in 70105ms
42 timing idealTree:fixDepFlags Completed in 18ms
43 timing idealTree Completed in 70389ms
44 timing command:install Completed in 70394ms
45 verbose type system
46 verbose stack FetchError: request to https://registry.npmjs.org/@types%2fms failed, reason: getaddrinfo ENOTFOUND registry.npmjs.org
46 verbose stack     at ClientRequest.<anonymous> (/usr/local/lib/node_modules/npm/node_modules/minipass-fetch/lib/index.js:130:14)
46 verbose stack     at ClientRequest.emit (node:events:518:28)
46 verbose stack     at _destroy (node:_http_client:875:13)
46 verbose stack     at onSocketNT (node:_http_client:895:5)
46 verbose stack     at process.processTicksAndRejections (node:internal/process/task_queues:83:21)
47 verbose cwd /Users/user/Desktop/nutch-ai
48 verbose Darwin 25.1.0
49 verbose node v20.11.1
50 verbose npm  v10.2.4
51 error code ENOTFOUND
52 error syscall getaddrinfo
53 error errno ENOTFOUND
54 error network request to https://registry.npmjs.org/@types%2fms failed, reason: getaddrinfo ENOTFOUND registry.npmjs.org
55 error network This is a problem related to network connectivity.
55 error network In most cases you are behind a proxy or have bad network settings.
55 error network
55 error network If you are behind a proxy, please make sure that the
55 error network 'proxy' config is set properly.  See: 'npm help config'
56 verbose exit 1
57 timing npm Completed in 70561ms
58 verbose unfinished npm timer reify 1763644793101
59 verbose unfinished npm timer reify:loadTrees 1763644793105
60 verbose code 1
61 error A complete log of this run can be found in: /Users/user/Desktop/nutch-ai/tmp-npm-cache/_logs/2025-11-20T13_19_52_931Z-debug-0.log
